src/app/authority/ward-analytics/page.tsx(53,44): error TS2367: This comparison appears to be unintentional because the types '"Pending" | "In Progress"' and '"Closed"' have no overlap.
